# Hand-reviewed line statuses of matrix.sv0 (sv0cov CV-202; SPEC 11.4), one native or VM run: line status.
1 non_executable
2 non_executable
3 non_executable
4 non_executable
5 covered
6 non_executable
7 non_executable
8 non_executable
9 covered
10 partial
11 partial
12 covered
13 non_executable
14 non_executable
15 non_executable
16 covered
17 covered
18 non_executable
19 uncovered
20 non_executable
21 non_executable
22 covered
23 non_executable
24 non_executable
25 covered
26 non_executable
27 non_executable
28 non_executable
29 covered
30 covered
31 partial
32 covered
33 non_executable
34 non_executable
35 non_executable
36 covered
37 covered
38 covered
39 non_executable
40 covered
41 covered
42 partial
43 covered
44 covered
45 covered
46 covered
47 non_executable
48 non_executable
49 non_executable
50 covered
51 partial
52 covered
53 covered
54 covered
55 covered
56 covered
57 non_executable
58 covered
59 non_executable
60 non_executable
61 non_executable
62 covered
63 non_executable
64 non_executable
65 non_executable
66 non_executable
67 non_executable
68 uncovered
69 non_executable
70 non_executable
71 non_executable
72 covered
73 covered
74 covered
75 covered
76 covered
77 covered
78 covered
79 non_executable
